#! /c/Source/iverilog-install/bin/vvp
:ivl_version "12.0 (devel)" "(s20150603-1539-g2693dd32b)";
:ivl_delay_selection "TYPICAL";
:vpi_time_precision - 12;
:vpi_module "C:\iverilog\lib\ivl\system.vpi";
:vpi_module "C:\iverilog\lib\ivl\vhdl_sys.vpi";
:vpi_module "C:\iverilog\lib\ivl\vhdl_textio.vpi";
:vpi_module "C:\iverilog\lib\ivl\v2005_math.vpi";
:vpi_module "C:\iverilog\lib\ivl\va_math.vpi";
:vpi_module "C:\iverilog\lib\ivl\v2009.vpi";
S_0000026ac6dd4dd0 .scope package, "$unit" "$unit" 2 1;
 .timescale 0 0;
S_0000026ac6e02f80 .scope module, "prefetch_table_tb" "prefetch_table_tb" 3 3;
 .timescale -9 -12;
v0000026ac6e632e0_0 .var "access_valid", 0 0;
v0000026ac6e63c40_0 .var "clk", 0 0;
v0000026ac6e636a0_0 .var "memory_address", 31 0;
v0000026ac6e63e20_0 .var "observe_enable", 0 0;
v0000026ac6e637e0_0 .var "pc", 31 0;
v0000026ac6e646e0_0 .var "prefetch_accept", 0 0;
v0000026ac6e63380_0 .net "prefetch_address", 31 0, v0000026ac6e00af0_0;  1 drivers
v0000026ac6e63420_0 .net "prefetch_valid", 0 0, v0000026ac6dfffb0_0;  1 drivers
v0000026ac6e64460_0 .var "rst", 0 0;
E_0000026ac6e02d90 .event negedge, v0000026ac6e00910_0;
E_0000026ac6e02810 .event posedge, v0000026ac6e00910_0;
S_0000026ac6de06c0 .scope autotask, "accept_prefetch" "accept_prefetch" 3 79, 3 79 0, S_0000026ac6e02f80;
 .timescale -9 -12;
TD_prefetch_table_tb.accept_prefetch ;
    %wait E_0000026ac6e02d90;
    %pushi/vec4 1, 0, 1;
    %store/vec4 v0000026ac6e646e0_0, 0, 1;
    %wait E_0000026ac6e02810;
    %wait E_0000026ac6e02d90;
    %pushi/vec4 0, 0, 1;
    %store/vec4 v0000026ac6e646e0_0, 0, 1;
    %end;
S_0000026ac6de0850 .scope autotask, "access" "access" 3 49, 3 49 0, S_0000026ac6e02f80;
 .timescale -9 -12;
v0000026ac6e00370_0 .var "addr", 31 0;
TD_prefetch_table_tb.access ;
    %wait E_0000026ac6e02d90;
    %load/vec4 v0000026ac6e00370_0;
    %store/vec4 v0000026ac6e636a0_0, 0, 32;
    %pushi/vec4 1, 0, 1;
    %store/vec4 v0000026ac6e632e0_0, 0, 1;
    %pushi/vec4 1, 0, 1;
    %store/vec4 v0000026ac6e63e20_0, 0, 1;
    %wait E_0000026ac6e02810;
    %wait E_0000026ac6e02d90;
    %pushi/vec4 0, 0, 1;
    %store/vec4 v0000026ac6e632e0_0, 0, 1;
    %pushi/vec4 0, 0, 1;
    %store/vec4 v0000026ac6e63e20_0, 0, 1;
    %end;
S_0000026ac6e625c0 .scope module, "dut" "prefetch_table" 3 22, 4 1 0, S_0000026ac6e02f80;
 .timescale -9 -12;
    .port_info 0 /INPUT 1 "clk";
    .port_info 1 /INPUT 1 "rst";
    .port_info 2 /INPUT 1 "access_valid";
    .port_info 3 /INPUT 1 "observe_enable";
    .port_info 4 /INPUT 32 "pc";
    .port_info 5 /INPUT 32 "memory_address";
    .port_info 6 /INPUT 1 "prefetch_accept";
    .port_info 7 /OUTPUT 1 "prefetch_valid";
    .port_info 8 /OUTPUT 32 "prefetch_address";
P_0000026ac6e62750 .param/l "ADDR_LSB" 1 4 42, +C4<00000000000000000000000000001111>;
P_0000026ac6e62788 .param/l "ADDR_MSB" 1 4 41, +C4<00000000000000000000000000101110>;
P_0000026ac6e627c0 .param/l "CONF_0" 1 4 51, C4<00>;
P_0000026ac6e627f8 .param/l "CONF_1" 1 4 52, C4<01>;
P_0000026ac6e62830 .param/l "CONF_2" 1 4 53, C4<10>;
P_0000026ac6e62868 .param/l "CONF_3" 1 4 54, C4<11>;
P_0000026ac6e628a0 .param/l "CONF_LSB" 1 4 46, +C4<00000000000000000000000000000001>;
P_0000026ac6e628d8 .param/l "CONF_MSB" 1 4 45, +C4<00000000000000000000000000000010>;
P_0000026ac6e62910 .param/l "PC_LSB" 1 4 40, +C4<00000000000000000000000000101111>;
P_0000026ac6e62948 .param/l "PC_MSB" 1 4 39, +C4<00000000000000000000000001001110>;
P_0000026ac6e62980 .param/l "STRIDE_LSB" 1 4 44, +C4<00000000000000000000000000000011>;
P_0000026ac6e629b8 .param/l "STRIDE_MSB" 1 4 43, +C4<00000000000000000000000000001110>;
P_0000026ac6e629f0 .param/l "TABLE_SIZE" 1 4 48, +C4<00000000000000000000000000100000>;
P_0000026ac6e62a28 .param/l "VALID_BIT" 1 4 38, +C4<00000000000000000000000001001111>;
v0000026ac6e00cd0_0 .net "access_valid", 0 0, v0000026ac6e632e0_0;  1 drivers
v0000026ac6e00410_0 .var/s "addr_diff", 31 0;
v0000026ac6e00910_0 .net "clk", 0 0, v0000026ac6e63c40_0;  1 drivers
v0000026ac6e00550_0 .var/i "i", 31 0;
v0000026ac6e00690_0 .net "index", 4 0, L_0000026ac6e63100;  1 drivers
v0000026ac6e00870_0 .net "memory_address", 31 0, v0000026ac6e636a0_0;  1 drivers
v0000026ac6e00b90_0 .var/s "new_stride", 11 0;
v0000026ac6e00d70_0 .var "next_pred", 31 0;
v0000026ac6e005f0_0 .var "next_pred_2", 31 0;
v0000026ac6e00e10_0 .net "observe_enable", 0 0, v0000026ac6e63e20_0;  1 drivers
v0000026ac6e00730_0 .net "pc", 31 0, v0000026ac6e637e0_0;  1 drivers
v0000026ac6e007d0_0 .var "pending_addr1", 31 0;
v0000026ac6e009b0_0 .var "pending_addr2", 31 0;
v0000026ac6e00050_0 .var "pending_count", 1 0;
v0000026ac6e00a50_0 .net "prefetch_accept", 0 0, v0000026ac6e646e0_0;  1 drivers
v0000026ac6e00af0_0 .var "prefetch_address", 31 0;
v0000026ac6e00eb0 .array "prefetch_table", 31 0, 79 0;
v0000026ac6dfffb0_0 .var "prefetch_valid", 0 0;
v0000026ac6e000f0_0 .net "rst", 0 0, v0000026ac6e64460_0;  1 drivers
v0000026ac6e00190_0 .var "sign_ext_stride", 31 0;
v0000026ac6e00230_0 .var "stride_match", 0 0;
E_0000026ac6e021d0 .event posedge, v0000026ac6e000f0_0, v0000026ac6e00910_0;
E_0000026ac6e02750 .event anyedge, v0000026ac6e00050_0, v0000026ac6e007d0_0, v0000026ac6e009b0_0;
v0000026ac6e00eb0_0 .array/port v0000026ac6e00eb0, 0;
v0000026ac6e00eb0_1 .array/port v0000026ac6e00eb0, 1;
v0000026ac6e00eb0_2 .array/port v0000026ac6e00eb0, 2;
E_0000026ac6e02910/0 .event anyedge, v0000026ac6e00690_0, v0000026ac6e00eb0_0, v0000026ac6e00eb0_1, v0000026ac6e00eb0_2;
v0000026ac6e00eb0_3 .array/port v0000026ac6e00eb0, 3;
v0000026ac6e00eb0_4 .array/port v0000026ac6e00eb0, 4;
v0000026ac6e00eb0_5 .array/port v0000026ac6e00eb0, 5;
v0000026ac6e00eb0_6 .array/port v0000026ac6e00eb0, 6;
E_0000026ac6e02910/1 .event anyedge, v0000026ac6e00eb0_3, v0000026ac6e00eb0_4, v0000026ac6e00eb0_5, v0000026ac6e00eb0_6;
v0000026ac6e00eb0_7 .array/port v0000026ac6e00eb0, 7;
v0000026ac6e00eb0_8 .array/port v0000026ac6e00eb0, 8;
v0000026ac6e00eb0_9 .array/port v0000026ac6e00eb0, 9;
v0000026ac6e00eb0_10 .array/port v0000026ac6e00eb0, 10;
E_0000026ac6e02910/2 .event anyedge, v0000026ac6e00eb0_7, v0000026ac6e00eb0_8, v0000026ac6e00eb0_9, v0000026ac6e00eb0_10;
v0000026ac6e00eb0_11 .array/port v0000026ac6e00eb0, 11;
v0000026ac6e00eb0_12 .array/port v0000026ac6e00eb0, 12;
v0000026ac6e00eb0_13 .array/port v0000026ac6e00eb0, 13;
v0000026ac6e00eb0_14 .array/port v0000026ac6e00eb0, 14;
E_0000026ac6e02910/3 .event anyedge, v0000026ac6e00eb0_11, v0000026ac6e00eb0_12, v0000026ac6e00eb0_13, v0000026ac6e00eb0_14;
v0000026ac6e00eb0_15 .array/port v0000026ac6e00eb0, 15;
v0000026ac6e00eb0_16 .array/port v0000026ac6e00eb0, 16;
v0000026ac6e00eb0_17 .array/port v0000026ac6e00eb0, 17;
v0000026ac6e00eb0_18 .array/port v0000026ac6e00eb0, 18;
E_0000026ac6e02910/4 .event anyedge, v0000026ac6e00eb0_15, v0000026ac6e00eb0_16, v0000026ac6e00eb0_17, v0000026ac6e00eb0_18;
v0000026ac6e00eb0_19 .array/port v0000026ac6e00eb0, 19;
v0000026ac6e00eb0_20 .array/port v0000026ac6e00eb0, 20;
v0000026ac6e00eb0_21 .array/port v0000026ac6e00eb0, 21;
v0000026ac6e00eb0_22 .array/port v0000026ac6e00eb0, 22;
E_0000026ac6e02910/5 .event anyedge, v0000026ac6e00eb0_19, v0000026ac6e00eb0_20, v0000026ac6e00eb0_21, v0000026ac6e00eb0_22;
v0000026ac6e00eb0_23 .array/port v0000026ac6e00eb0, 23;
v0000026ac6e00eb0_24 .array/port v0000026ac6e00eb0, 24;
v0000026ac6e00eb0_25 .array/port v0000026ac6e00eb0, 25;
v0000026ac6e00eb0_26 .array/port v0000026ac6e00eb0, 26;
E_0000026ac6e02910/6 .event anyedge, v0000026ac6e00eb0_23, v0000026ac6e00eb0_24, v0000026ac6e00eb0_25, v0000026ac6e00eb0_26;
v0000026ac6e00eb0_27 .array/port v0000026ac6e00eb0, 27;
v0000026ac6e00eb0_28 .array/port v0000026ac6e00eb0, 28;
v0000026ac6e00eb0_29 .array/port v0000026ac6e00eb0, 29;
v0000026ac6e00eb0_30 .array/port v0000026ac6e00eb0, 30;
E_0000026ac6e02910/7 .event anyedge, v0000026ac6e00eb0_27, v0000026ac6e00eb0_28, v0000026ac6e00eb0_29, v0000026ac6e00eb0_30;
v0000026ac6e00eb0_31 .array/port v0000026ac6e00eb0, 31;
E_0000026ac6e02910/8 .event anyedge, v0000026ac6e00eb0_31, v0000026ac6e00870_0, v0000026ac6e00410_0, v0000026ac6e00b90_0;
E_0000026ac6e02910/9 .event anyedge, v0000026ac6e00190_0, v0000026ac6e00d70_0;
E_0000026ac6e02910 .event/or E_0000026ac6e02910/0, E_0000026ac6e02910/1, E_0000026ac6e02910/2, E_0000026ac6e02910/3, E_0000026ac6e02910/4, E_0000026ac6e02910/5, E_0000026ac6e02910/6, E_0000026ac6e02910/7, E_0000026ac6e02910/8, E_0000026ac6e02910/9;
L_0000026ac6e63100 .part v0000026ac6e637e0_0, 2, 5;
    .scope S_0000026ac6e625c0;
T_2 ;
    %wait E_0000026ac6e02910;
    %load/vec4 v0000026ac6e00690_0;
    %pad/u 7;
    %ix/vec4 4;
    %load/vec4a v0000026ac6e00eb0, 4;
    %parti/s 1, 79, 8;
    %flag_set/vec4 8;
    %jmp/0xz  T_2.0, 8;
    %load/vec4 v0000026ac6e00870_0;
    %load/vec4 v0000026ac6e00690_0;
    %pad/u 7;
    %ix/vec4 4;
    %load/vec4a v0000026ac6e00eb0, 4;
    %parti/s 32, 15, 5;
    %sub;
    %store/vec4 v0000026ac6e00410_0, 0, 32;
    %load/vec4 v0000026ac6e00410_0;
    %parti/s 12, 0, 2;
    %store/vec4 v0000026ac6e00b90_0, 0, 12;
    %load/vec4 v0000026ac6e00b90_0;
    %load/vec4 v0000026ac6e00690_0;
    %pad/u 7;
    %ix/vec4 4;
    %load/vec4a v0000026ac6e00eb0, 4;
    %parti/s 12, 3, 3;
    %cmp/e;
    %flag_get/vec4 4;
    %store/vec4 v0000026ac6e00230_0, 0, 1;
    %load/vec4 v0000026ac6e00690_0;
    %pad/u 7;
    %ix/vec4 4;
    %load/vec4a v0000026ac6e00eb0, 4;
    %parti/s 1, 14, 5;
    %replicate 20;
    %load/vec4 v0000026ac6e00690_0;
    %pad/u 7;
    %ix/vec4 4;
    %load/vec4a v0000026ac6e00eb0, 4;
    %parti/s 12, 3, 3;
    %concat/vec4; draw_concat_vec4
    %store/vec4 v0000026ac6e00190_0, 0, 32;
    %jmp T_2.1;
T_2.0 ;
    %pushi/vec4 0, 0, 32;
    %store/vec4 v0000026ac6e00410_0, 0, 32;
    %pushi/vec4 0, 0, 12;
    %store/vec4 v0000026ac6e00b90_0, 0, 12;
    %pushi/vec4 0, 0, 1;
    %store/vec4 v0000026ac6e00230_0, 0, 1;
    %pushi/vec4 0, 0, 32;
    %store/vec4 v0000026ac6e00190_0, 0, 32;
T_2.1 ;
    %load/vec4 v0000026ac6e00870_0;
    %load/vec4 v0000026ac6e00190_0;
    %add;
    %store/vec4 v0000026ac6e00d70_0, 0, 32;
    %load/vec4 v0000026ac6e00d70_0;
    %load/vec4 v0000026ac6e00190_0;
    %add;
    %store/vec4 v0000026ac6e005f0_0, 0, 32;
    %jmp T_2;
    .thread T_2, $push;
    .scope S_0000026ac6e625c0;
T_3 ;
    %wait E_0000026ac6e02750;
    %load/vec4 v0000026ac6e00050_0;
    %pad/u 32;
    %cmpi/e 2, 0, 32;
    %jmp/0xz  T_3.0, 4;
    %pushi/vec4 1, 0, 1;
    %store/vec4 v0000026ac6dfffb0_0, 0, 1;
    %load/vec4 v0000026ac6e007d0_0;
    %store/vec4 v0000026ac6e00af0_0, 0, 32;
    %jmp T_3.1;
T_3.0 ;
    %load/vec4 v0000026ac6e00050_0;
    %pad/u 32;
    %cmpi/e 1, 0, 32;
    %jmp/0xz  T_3.2, 4;
    %pushi/vec4 1, 0, 1;
    %store/vec4 v0000026ac6dfffb0_0, 0, 1;
    %load/vec4 v0000026ac6e009b0_0;
    %store/vec4 v0000026ac6e00af0_0, 0, 32;
    %jmp T_3.3;
T_3.2 ;
    %pushi/vec4 0, 0, 1;
    %store/vec4 v0000026ac6dfffb0_0, 0, 1;
    %pushi/vec4 0, 0, 32;
    %store/vec4 v0000026ac6e00af0_0, 0, 32;
T_3.3 ;
T_3.1 ;
    %jmp T_3;
    .thread T_3, $push;
    .scope S_0000026ac6e625c0;
T_4 ;
    %wait E_0000026ac6e021d0;
    %load/vec4 v0000026ac6e000f0_0;
    %flag_set/vec4 8;
    %jmp/0xz  T_4.0, 8;
    %pushi/vec4 0, 0, 32;
    %store/vec4 v0000026ac6e00550_0, 0, 32;
T_4.2 ;
    %load/vec4 v0000026ac6e00550_0;
    %cmpi/s 32, 0, 32;
    %jmp/0xz T_4.3, 5;
    %pushi/vec4 0, 0, 80;
    %ix/getv/s 3, v0000026ac6e00550_0;
    %ix/load 4, 0, 0; Constant delay
    %assign/vec4/a/d v0000026ac6e00eb0, 0, 4;
    %load/vec4 v0000026ac6e00550_0;
    %addi 1, 0, 32;
    %store/vec4 v0000026ac6e00550_0, 0, 32;
    %jmp T_4.2;
T_4.3 ;
    %pushi/vec4 0, 0, 32;
    %assign/vec4 v0000026ac6e007d0_0, 0;
    %pushi/vec4 0, 0, 32;
    %assign/vec4 v0000026ac6e009b0_0, 0;
    %pushi/vec4 0, 0, 2;
    %assign/vec4 v0000026ac6e00050_0, 0;
    %jmp T_4.1;
T_4.0 ;
    %load/vec4 v0000026ac6e00a50_0;
    %flag_set/vec4 9;
    %flag_get/vec4 9;
    %jmp/0 T_4.6, 9;
    %pushi/vec4 0, 0, 32;
    %load/vec4 v0000026ac6e00050_0;
    %pad/u 32;
    %cmp/u;
    %flag_get/vec4 5;
    %and;
T_4.6;
    %flag_set/vec4 8;
    %jmp/0xz  T_4.4, 8;
    %load/vec4 v0000026ac6e00050_0;
    %pad/u 32;
    %cmpi/e 2, 0, 32;
    %jmp/0xz  T_4.7, 4;
    %pushi/vec4 0, 0, 32;
    %assign/vec4 v0000026ac6e007d0_0, 0;
    %jmp T_4.8;
T_4.7 ;
    %load/vec4 v0000026ac6e00050_0;
    %pad/u 32;
    %cmpi/e 1, 0, 32;
    %jmp/0xz  T_4.9, 4;
    %pushi/vec4 0, 0, 32;
    %assign/vec4 v0000026ac6e009b0_0, 0;
T_4.9 ;
T_4.8 ;
    %load/vec4 v0000026ac6e00050_0;
    %subi 1, 0, 2;
    %assign/vec4 v0000026ac6e00050_0, 0;
T_4.4 ;
    %load/vec4 v0000026ac6e00cd0_0;
    %flag_set/vec4 9;
    %flag_get/vec4 9;
    %jmp/0 T_4.13, 9;
    %load/vec4 v0000026ac6e00e10_0;
    %and;
T_4.13;
    %flag_set/vec4 8;
    %jmp/0xz  T_4.11, 8;
    %load/vec4 v0000026ac6e00690_0;
    %pad/u 7;
    %ix/vec4 4;
    %load/vec4a v0000026ac6e00eb0, 4;
    %parti/s 1, 79, 8;
    %cmpi/e 0, 0, 1;
    %jmp/0xz  T_4.14, 4;
    %pushi/vec4 1, 0, 1;
    %load/vec4 v0000026ac6e00690_0;
    %pad/u 7;
    %ix/vec4 3;
    %ix/load 4, 79, 0; part off
    %ix/load 5, 0, 0; Constant delay
    %assign/vec4/a/d v0000026ac6e00eb0, 4, 5;
    %load/vec4 v0000026ac6e00730_0;
    %load/vec4 v0000026ac6e00690_0;
    %pad/u 7;
    %ix/vec4 3;
    %ix/load 4, 47, 0; part off
    %ix/load 5, 0, 0; Constant delay
    %assign/vec4/a/d v0000026ac6e00eb0, 4, 5;
    %load/vec4 v0000026ac6e00870_0;
    %load/vec4 v0000026ac6e00690_0;
    %pad/u 7;
    %ix/vec4 3;
    %ix/load 4, 15, 0; part off
    %ix/load 5, 0, 0; Constant delay
    %assign/vec4/a/d v0000026ac6e00eb0, 4, 5;
    %pushi/vec4 0, 0, 12;
    %load/vec4 v0000026ac6e00690_0;
    %pad/u 7;
    %ix/vec4 3;
    %ix/load 4, 3, 0; part off
    %ix/load 5, 0, 0; Constant delay
    %assign/vec4/a/d v0000026ac6e00eb0, 4, 5;
    %pushi/vec4 0, 0, 2;
    %load/vec4 v0000026ac6e00690_0;
    %pad/u 7;
    %ix/vec4 3;
    %ix/load 4, 1, 0; part off
    %ix/load 5, 0, 0; Constant delay
    %assign/vec4/a/d v0000026ac6e00eb0, 4, 5;
    %jmp T_4.15;
T_4.14 ;
    %load/vec4 v0000026ac6e00690_0;
    %pad/u 7;
    %ix/vec4 4;
    %load/vec4a v0000026ac6e00eb0, 4;
    %parti/s 32, 47, 7;
    %load/vec4 v0000026ac6e00730_0;
    %cmp/ne;
    %jmp/0xz  T_4.16, 4;
    %load/vec4 v0000026ac6e00690_0;
    %pad/u 7;
    %ix/vec4 4;
    %load/vec4a v0000026ac6e00eb0, 4;
    %parti/s 2, 1, 2;
    %cmpi/e 0, 0, 2;
    %jmp/0xz  T_4.18, 4;
    %load/vec4 v0000026ac6e00730_0;
    %load/vec4 v0000026ac6e00690_0;
    %pad/u 7;
    %ix/vec4 3;
    %ix/load 4, 47, 0; part off
    %ix/load 5, 0, 0; Constant delay
    %assign/vec4/a/d v0000026ac6e00eb0, 4, 5;
    %load/vec4 v0000026ac6e00870_0;
    %load/vec4 v0000026ac6e00690_0;
    %pad/u 7;
    %ix/vec4 3;
    %ix/load 4, 15, 0; part off
    %ix/load 5, 0, 0; Constant delay
    %assign/vec4/a/d v0000026ac6e00eb0, 4, 5;
    %pushi/vec4 0, 0, 12;
    %load/vec4 v0000026ac6e00690_0;
    %pad/u 7;
    %ix/vec4 3;
    %ix/load 4, 3, 0; part off
    %ix/load 5, 0, 0; Constant delay
    %assign/vec4/a/d v0000026ac6e00eb0, 4, 5;
    %pushi/vec4 0, 0, 2;
    %load/vec4 v0000026ac6e00690_0;
    %pad/u 7;
    %ix/vec4 3;
    %ix/load 4, 1, 0; part off
    %ix/load 5, 0, 0; Constant delay
    %assign/vec4/a/d v0000026ac6e00eb0, 4, 5;
    %jmp T_4.19;
T_4.18 ;
    %load/vec4 v0000026ac6e00690_0;
    %pad/u 7;
    %ix/vec4 4;
    %load/vec4a v0000026ac6e00eb0, 4;
    %parti/s 2, 1, 2;
    %subi 1, 0, 2;
    %load/vec4 v0000026ac6e00690_0;
    %pad/u 7;
    %ix/vec4 3;
    %ix/load 4, 1, 0; part off
    %ix/load 5, 0, 0; Constant delay
    %assign/vec4/a/d v0000026ac6e00eb0, 4, 5;
T_4.19 ;
    %jmp T_4.17;
T_4.16 ;
    %load/vec4 v0000026ac6e00230_0;
    %flag_set/vec4 8;
    %jmp/0xz  T_4.20, 8;
    %load/vec4 v0000026ac6e00690_0;
    %pad/u 7;
    %ix/vec4 4;
    %load/vec4a v0000026ac6e00eb0, 4;
    %parti/s 2, 1, 2;
    %cmpi/ne 3, 0, 2;
    %jmp/0xz  T_4.22, 4;
    %load/vec4 v0000026ac6e00690_0;
    %pad/u 7;
    %ix/vec4 4;
    %load/vec4a v0000026ac6e00eb0, 4;
    %parti/s 2, 1, 2;
    %addi 1, 0, 2;
    %load/vec4 v0000026ac6e00690_0;
    %pad/u 7;
    %ix/vec4 3;
    %ix/load 4, 1, 0; part off
    %ix/load 5, 0, 0; Constant delay
    %assign/vec4/a/d v0000026ac6e00eb0, 4, 5;
T_4.22 ;
    %load/vec4 v0000026ac6e00690_0;
    %pad/u 7;
    %ix/vec4 4;
    %load/vec4a v0000026ac6e00eb0, 4;
    %parti/s 2, 1, 2;
    %cmpi/u 2, 0, 2;
    %flag_inv 5; GE is !LT
    %flag_get/vec4 5;
    %jmp/0 T_4.26, 5;
    %load/vec4 v0000026ac6e00050_0;
    %pad/u 32;
    %pushi/vec4 0, 0, 32;
    %cmp/e;
    %flag_get/vec4 4;
    %and;
T_4.26;
    %flag_set/vec4 8;
    %jmp/0xz  T_4.24, 8;
    %load/vec4 v0000026ac6e00d70_0;
    %load/vec4 v0000026ac6e007d0_0;
    %cmp/ne;
    %flag_get/vec4 4;
    %jmp/0 T_4.31, 4;
    %load/vec4 v0000026ac6e00d70_0;
    %load/vec4 v0000026ac6e009b0_0;
    %cmp/ne;
    %flag_get/vec4 4;
    %and;
T_4.31;
    %flag_set/vec4 10;
    %flag_get/vec4 10;
    %jmp/0 T_4.30, 10;
    %load/vec4 v0000026ac6e005f0_0;
    %load/vec4 v0000026ac6e007d0_0;
    %cmp/ne;
    %flag_get/vec4 4;
    %and;
T_4.30;
    %flag_set/vec4 9;
    %flag_get/vec4 9;
    %jmp/0 T_4.29, 9;
    %load/vec4 v0000026ac6e005f0_0;
    %load/vec4 v0000026ac6e009b0_0;
    %cmp/ne;
    %flag_get/vec4 4;
    %and;
T_4.29;
    %flag_set/vec4 8;
    %jmp/0xz  T_4.27, 8;
    %load/vec4 v0000026ac6e00d70_0;
    %assign/vec4 v0000026ac6e007d0_0, 0;
    %load/vec4 v0000026ac6e005f0_0;
    %assign/vec4 v0000026ac6e009b0_0, 0;
    %pushi/vec4 2, 0, 2;
    %assign/vec4 v0000026ac6e00050_0, 0;
T_4.27 ;
T_4.24 ;
    %jmp T_4.21;
T_4.20 ;
    %load/vec4 v0000026ac6e00690_0;
    %pad/u 7;
    %ix/vec4 4;
    %load/vec4a v0000026ac6e00eb0, 4;
    %parti/s 2, 1, 2;
    %cmpi/e 0, 0, 2;
    %jmp/0xz  T_4.32, 4;
    %load/vec4 v0000026ac6e00b90_0;
    %load/vec4 v0000026ac6e00690_0;
    %pad/u 7;
    %ix/vec4 3;
    %ix/load 4, 3, 0; part off
    %ix/load 5, 0, 0; Constant delay
    %assign/vec4/a/d v0000026ac6e00eb0, 4, 5;
    %jmp T_4.33;
T_4.32 ;
    %load/vec4 v0000026ac6e00690_0;
    %pad/u 7;
    %ix/vec4 4;
    %load/vec4a v0000026ac6e00eb0, 4;
    %parti/s 2, 1, 2;
    %subi 1, 0, 2;
    %load/vec4 v0000026ac6e00690_0;
    %pad/u 7;
    %ix/vec4 3;
    %ix/load 4, 1, 0; part off
    %ix/load 5, 0, 0; Constant delay
    %assign/vec4/a/d v0000026ac6e00eb0, 4, 5;
T_4.33 ;
T_4.21 ;
    %load/vec4 v0000026ac6e00870_0;
    %load/vec4 v0000026ac6e00690_0;
    %pad/u 7;
    %ix/vec4 3;
    %ix/load 4, 15, 0; part off
    %ix/load 5, 0, 0; Constant delay
    %assign/vec4/a/d v0000026ac6e00eb0, 4, 5;
T_4.17 ;
T_4.15 ;
T_4.11 ;
T_4.1 ;
    %jmp T_4;
    .thread T_4;
    .scope S_0000026ac6e02f80;
T_5 ;
    %pushi/vec4 0, 0, 1;
    %store/vec4 v0000026ac6e63c40_0, 0, 1;
    %end;
    .thread T_5;
    .scope S_0000026ac6e02f80;
T_6 ;
    %delay 5000, 0;
    %load/vec4 v0000026ac6e63c40_0;
    %inv;
    %store/vec4 v0000026ac6e63c40_0, 0, 1;
    %jmp T_6;
    .thread T_6;
    .scope S_0000026ac6e02f80;
T_7 ;
    %pushi/vec4 1, 0, 1;
    %store/vec4 v0000026ac6e64460_0, 0, 1;
    %pushi/vec4 0, 0, 1;
    %store/vec4 v0000026ac6e632e0_0, 0, 1;
    %pushi/vec4 0, 0, 1;
    %store/vec4 v0000026ac6e63e20_0, 0, 1;
    %pushi/vec4 0, 0, 1;
    %store/vec4 v0000026ac6e646e0_0, 0, 1;
    %pushi/vec4 256, 0, 32;
    %store/vec4 v0000026ac6e637e0_0, 0, 32;
    %pushi/vec4 0, 0, 32;
    %store/vec4 v0000026ac6e636a0_0, 0, 32;
    %pushi/vec4 3, 0, 32;
T_7.0 %dup/vec4;
    %pushi/vec4 0, 0, 32;
    %cmp/s;
    %jmp/1xz T_7.1, 5;
    %jmp/1 T_7.1, 4;
    %pushi/vec4 1, 0, 32;
    %sub;
    %wait E_0000026ac6e02810;
    %jmp T_7.0;
T_7.1 ;
    %pop/vec4 1;
    %pushi/vec4 0, 0, 1;
    %store/vec4 v0000026ac6e64460_0, 0, 1;
    %vpi_call/w 3 118 "$display", "\012===============================" {0 0 0};
    %vpi_call/w 3 119 "$display", " Constant +4 Stride Test" {0 0 0};
    %vpi_call/w 3 120 "$display", "===============================\012" {0 0 0};
    %alloc S_0000026ac6de0850;
    %pushi/vec4 100, 0, 32;
    %store/vec4 v0000026ac6e00370_0, 0, 32;
    %fork TD_prefetch_table_tb.access, S_0000026ac6de0850;
    %join;
    %free S_0000026ac6de0850;
    %alloc S_0000026ac6de0850;
    %pushi/vec4 104, 0, 32;
    %store/vec4 v0000026ac6e00370_0, 0, 32;
    %fork TD_prefetch_table_tb.access, S_0000026ac6de0850;
    %join;
    %free S_0000026ac6de0850;
    %alloc S_0000026ac6de0850;
    %pushi/vec4 108, 0, 32;
    %store/vec4 v0000026ac6e00370_0, 0, 32;
    %fork TD_prefetch_table_tb.access, S_0000026ac6de0850;
    %join;
    %free S_0000026ac6de0850;
    %alloc S_0000026ac6de0850;
    %pushi/vec4 112, 0, 32;
    %store/vec4 v0000026ac6e00370_0, 0, 32;
    %fork TD_prefetch_table_tb.access, S_0000026ac6de0850;
    %join;
    %free S_0000026ac6de0850;
    %alloc S_0000026ac6de0850;
    %pushi/vec4 116, 0, 32;
    %store/vec4 v0000026ac6e00370_0, 0, 32;
    %fork TD_prefetch_table_tb.access, S_0000026ac6de0850;
    %join;
    %free S_0000026ac6de0850;
    %pushi/vec4 2, 0, 32;
T_7.2 %dup/vec4;
    %pushi/vec4 0, 0, 32;
    %cmp/s;
    %jmp/1xz T_7.3, 5;
    %jmp/1 T_7.3, 4;
    %pushi/vec4 1, 0, 32;
    %sub;
    %wait E_0000026ac6e02810;
    %jmp T_7.2;
T_7.3 ;
    %pop/vec4 1;
    %alloc S_0000026ac6de06c0;
    %fork TD_prefetch_table_tb.accept_prefetch, S_0000026ac6de06c0;
    %join;
    %free S_0000026ac6de06c0;
    %pushi/vec4 2, 0, 32;
T_7.4 %dup/vec4;
    %pushi/vec4 0, 0, 32;
    %cmp/s;
    %jmp/1xz T_7.5, 5;
    %jmp/1 T_7.5, 4;
    %pushi/vec4 1, 0, 32;
    %sub;
    %wait E_0000026ac6e02810;
    %jmp T_7.4;
T_7.5 ;
    %pop/vec4 1;
    %alloc S_0000026ac6de06c0;
    %fork TD_prefetch_table_tb.accept_prefetch, S_0000026ac6de06c0;
    %join;
    %free S_0000026ac6de06c0;
    %pushi/vec4 2, 0, 32;
T_7.6 %dup/vec4;
    %pushi/vec4 0, 0, 32;
    %cmp/s;
    %jmp/1xz T_7.7, 5;
    %jmp/1 T_7.7, 4;
    %pushi/vec4 1, 0, 32;
    %sub;
    %wait E_0000026ac6e02810;
    %jmp T_7.6;
T_7.7 ;
    %pop/vec4 1;
    %alloc S_0000026ac6de0850;
    %pushi/vec4 120, 0, 32;
    %store/vec4 v0000026ac6e00370_0, 0, 32;
    %fork TD_prefetch_table_tb.access, S_0000026ac6de0850;
    %join;
    %free S_0000026ac6de0850;
    %pushi/vec4 10, 0, 32;
T_7.8 %dup/vec4;
    %pushi/vec4 0, 0, 32;
    %cmp/s;
    %jmp/1xz T_7.9, 5;
    %jmp/1 T_7.9, 4;
    %pushi/vec4 1, 0, 32;
    %sub;
    %wait E_0000026ac6e02810;
    %jmp T_7.8;
T_7.9 ;
    %pop/vec4 1;
    %vpi_call/w 3 142 "$finish" {0 0 0};
    %end;
    .thread T_7;
    .scope S_0000026ac6e02f80;
T_8 ;
    %wait E_0000026ac6e02d90;
    %vpi_call/w 3 152 "$display", "\012------------------------------------------------" {0 0 0};
    %vpi_call/w 3 154 "$display", "TIME              : %0t", $time {0 0 0};
    %vpi_call/w 3 156 "$display", "Input Address     : %0d", v0000026ac6e636a0_0 {0 0 0};
    %vpi_call/w 3 158 "$display", "Index             : %0d", v0000026ac6e00690_0 {0 0 0};
    %load/vec4 v0000026ac6e00690_0;
    %pad/u 7;
    %ix/vec4 4;
    %load/vec4a v0000026ac6e00eb0, 4;
    %parti/s 1, 79, 8;
    %vpi_call/w 3 160 "$display", "Valid             : %0d", S<0,vec4,u1> {1 0 0};
    %load/vec4 v0000026ac6e00690_0;
    %pad/u 7;
    %ix/vec4 4;
    %load/vec4a v0000026ac6e00eb0, 4;
    %parti/s 32, 47, 7;
    %vpi_call/w 3 163 "$display", "Stored PC         : %0h", S<0,vec4,u32> {1 0 0};
    %load/vec4 v0000026ac6e00690_0;
    %pad/u 7;
    %ix/vec4 4;
    %load/vec4a v0000026ac6e00eb0, 4;
    %parti/s 32, 15, 5;
    %vpi_call/w 3 166 "$display", "Stored Address    : %0d", S<0,vec4,u32> {1 0 0};
    %vpi_call/w 3 169 "$display", "Addr Diff         : %0d", v0000026ac6e00410_0 {0 0 0};
    %vpi_call/w 3 172 "$display", "New Stride        : %0d", v0000026ac6e00b90_0 {0 0 0};
    %load/vec4 v0000026ac6e00690_0;
    %pad/u 7;
    %ix/vec4 4;
    %load/vec4a v0000026ac6e00eb0, 4;
    %parti/s 12, 3, 3;
    %vpi_call/w 3 175 "$display", "Stored Stride     : %0d", S<0,vec4,s12> {1 0 0};
    %vpi_call/w 3 178 "$display", "Stride Match      : %0b", v0000026ac6e00230_0 {0 0 0};
    %load/vec4 v0000026ac6e00690_0;
    %pad/u 7;
    %ix/vec4 4;
    %load/vec4a v0000026ac6e00eb0, 4;
    %parti/s 2, 1, 2;
    %vpi_call/w 3 181 "$display", "Confidence        : %0d", S<0,vec4,u2> {1 0 0};
    %vpi_call/w 3 184 "$display", "Pending Count     : %0d", v0000026ac6e00050_0 {0 0 0};
    %vpi_call/w 3 187 "$display", "Pending Addr1     : %0d", v0000026ac6e007d0_0 {0 0 0};
    %vpi_call/w 3 190 "$display", "Pending Addr2     : %0d", v0000026ac6e009b0_0 {0 0 0};
    %vpi_call/w 3 193 "$display", "Prefetch Valid    : %0b", v0000026ac6e63420_0 {0 0 0};
    %vpi_call/w 3 196 "$display", "Prefetch Address  : %0d", v0000026ac6e63380_0 {0 0 0};
    %jmp T_8;
    .thread T_8;
    .scope S_0000026ac6e02f80;
T_9 ;
    %vpi_call/w 3 206 "$dumpfile", "prefetch_table.vcd" {0 0 0};
    %vpi_call/w 3 207 "$dumpvars", 32'sb00000000000000000000000000000000, S_0000026ac6e02f80 {0 0 0};
    %end;
    .thread T_9;
# The file index is used to find the file name in the following table.
:file_names 5;
    "N/A";
    "<interactive>";
    "-";
    "testbench\prefetch_table_tb.v";
    "Prefetcher\prefetch_table.v";
