#! /c/Source/iverilog-install/bin/vvp
:ivl_version "12.0 (devel)" "(s20150603-1539-g2693dd32b)";
:ivl_delay_selection "TYPICAL";
:vpi_time_precision - 12;
:vpi_module "C:\iverilog\lib\ivl\system.vpi";
:vpi_module "C:\iverilog\lib\ivl\vhdl_sys.vpi";
:vpi_module "C:\iverilog\lib\ivl\vhdl_textio.vpi";
:vpi_module "C:\iverilog\lib\ivl\v2005_math.vpi";
:vpi_module "C:\iverilog\lib\ivl\va_math.vpi";
:vpi_module "C:\iverilog\lib\ivl\v2009.vpi";
S_00000173c39074a0 .scope package, "$unit" "$unit" 2 1;
 .timescale 0 0;
S_00000173c38d4cf0 .scope module, "prefetch_table_tb" "prefetch_table_tb" 3 213;
 .timescale -9 -12;
v00000173c3968690_0 .var "access_valid", 0 0;
v00000173c3967bf0_0 .var "clk", 0 0;
v00000173c3969270_0 .var "memory_address", 31 0;
v00000173c3968d70_0 .var "observe_enable", 0 0;
v00000173c39687d0_0 .var "pc", 31 0;
v00000173c39680f0_0 .var "prefetch_accept", 0 0;
v00000173c3967f10_0 .net "prefetch_address", 31 0, v00000173c3915860_0;  1 drivers
v00000173c3968190_0 .net "prefetch_valid", 0 0, v00000173c3915b80_0;  1 drivers
v00000173c39678d0_0 .var "rst", 0 0;
S_00000173c38e1fa0 .scope task, "accept_prefetch" "accept_prefetch" 3 269, 3 269 0, S_00000173c38d4cf0;
 .timescale -9 -12;
E_00000173c3912da0 .event negedge, v00000173c39161c0_0;
E_00000173c3912e60 .event posedge, v00000173c39161c0_0;
TD_prefetch_table_tb.accept_prefetch ;
    %wait E_00000173c3912da0;
    %pushi/vec4 1, 0, 1;
    %store/vec4 v00000173c39680f0_0, 0, 1;
    %wait E_00000173c3912e60;
    %wait E_00000173c3912da0;
    %pushi/vec4 0, 0, 1;
    %store/vec4 v00000173c39680f0_0, 0, 1;
    %end;
S_00000173c38e2130 .scope task, "access" "access" 3 251, 3 251 0, S_00000173c38d4cf0;
 .timescale -9 -12;
v00000173c3916120_0 .var "addr", 31 0;
v00000173c39155e0_0 .var "pc_in", 31 0;
TD_prefetch_table_tb.access ;
    %wait E_00000173c3912da0;
    %load/vec4 v00000173c39155e0_0;
    %store/vec4 v00000173c39687d0_0, 0, 32;
    %load/vec4 v00000173c3916120_0;
    %store/vec4 v00000173c3969270_0, 0, 32;
    %pushi/vec4 1, 0, 1;
    %store/vec4 v00000173c3968d70_0, 0, 1;
    %pushi/vec4 1, 0, 1;
    %store/vec4 v00000173c3968690_0, 0, 1;
    %wait E_00000173c3912e60;
    %wait E_00000173c3912da0;
    %pushi/vec4 0, 0, 1;
    %store/vec4 v00000173c3968d70_0, 0, 1;
    %pushi/vec4 0, 0, 1;
    %store/vec4 v00000173c3968690_0, 0, 1;
    %end;
S_00000173c3911ce0 .scope module, "dut" "prefetch_table" 3 228, 4 409 0, S_00000173c38d4cf0;
 .timescale -9 -12;
    .port_info 0 /INPUT 1 "clk";
    .port_info 1 /INPUT 1 "rst";
    .port_info 2 /INPUT 32 "pc";
    .port_info 3 /INPUT 32 "memory_address";
    .port_info 4 /INPUT 1 "observe_enable";
    .port_info 5 /INPUT 1 "access_valid";
    .port_info 6 /INPUT 1 "prefetch_accept";
    .port_info 7 /OUTPUT 1 "prefetch_valid";
    .port_info 8 /OUTPUT 32 "prefetch_address";
P_00000173c3911e70 .param/l "ADDR_LSB" 1 4 426, +C4<00000000000000000000000000001111>;
P_00000173c3911ea8 .param/l "ADDR_MSB" 1 4 425, +C4<00000000000000000000000000101110>;
P_00000173c3911ee0 .param/l "CONF_0" 1 4 435, C4<00>;
P_00000173c3911f18 .param/l "CONF_1" 1 4 436, C4<01>;
P_00000173c3911f50 .param/l "CONF_2" 1 4 437, C4<10>;
P_00000173c3911f88 .param/l "CONF_3" 1 4 438, C4<11>;
P_00000173c3911fc0 .param/l "CONF_LSB" 1 4 430, +C4<00000000000000000000000000000001>;
P_00000173c3911ff8 .param/l "CONF_MSB" 1 4 429, +C4<00000000000000000000000000000010>;
P_00000173c3912030 .param/l "PC_LSB" 1 4 424, +C4<00000000000000000000000000101111>;
P_00000173c3912068 .param/l "PC_MSB" 1 4 423, +C4<00000000000000000000000001001110>;
P_00000173c39120a0 .param/l "STRIDE_LSB" 1 4 428, +C4<00000000000000000000000000000011>;
P_00000173c39120d8 .param/l "STRIDE_MSB" 1 4 427, +C4<00000000000000000000000000001110>;
P_00000173c3912110 .param/l "TABLE_SIZE" 1 4 432, +C4<00000000000000000000000000100000>;
P_00000173c3912148 .param/l "VALID_BIT" 1 4 422, +C4<00000000000000000000000001001111>;
v00000173c3915d60_0 .net "access_valid", 0 0, v00000173c3968690_0;  1 drivers
v00000173c39159a0_0 .var/s "addr_diff", 31 0;
v00000173c39161c0_0 .net "clk", 0 0, v00000173c3967bf0_0;  1 drivers
v00000173c39152c0_0 .var/i "i", 31 0;
v00000173c3915fe0_0 .net "index", 4 0, L_00000173c3967790;  1 drivers
v00000173c3916080_0 .net "memory_address", 31 0, v00000173c3969270_0;  1 drivers
v00000173c3915680_0 .var/s "new_stride", 11 0;
v00000173c3915400_0 .var "next_conf", 1 0;
v00000173c3915360_0 .var "next_pred", 31 0;
v00000173c3915900_0 .var "next_pred_2", 31 0;
v00000173c39154a0_0 .net "observe_enable", 0 0, v00000173c3968d70_0;  1 drivers
v00000173c3915ea0_0 .net "pc", 31 0, v00000173c39687d0_0;  1 drivers
v00000173c3915540_0 .var "pending_addr1", 31 0;
v00000173c3915a40_0 .var "pending_addr2", 31 0;
v00000173c3915720_0 .var "pending_count", 1 0;
v00000173c39157c0_0 .net "prefetch_accept", 0 0, v00000173c39680f0_0;  1 drivers
v00000173c3915860_0 .var "prefetch_address", 31 0;
v00000173c3915ae0 .array "prefetch_table", 0 31, 79 0;
v00000173c3915b80_0 .var "prefetch_valid", 0 0;
v00000173c3915cc0_0 .net "rst", 0 0, v00000173c39678d0_0;  1 drivers
v00000173c3915e00_0 .var "sign_ext_stride", 31 0;
v00000173c3915f40_0 .var "stride_match", 0 0;
E_00000173c39136e0 .event posedge, v00000173c3915cc0_0, v00000173c39161c0_0;
E_00000173c39127e0 .event anyedge, v00000173c3915720_0, v00000173c3915540_0;
v00000173c3915ae0_0 .array/port v00000173c3915ae0, 0;
v00000173c3915ae0_1 .array/port v00000173c3915ae0, 1;
v00000173c3915ae0_2 .array/port v00000173c3915ae0, 2;
E_00000173c3912de0/0 .event anyedge, v00000173c3915fe0_0, v00000173c3915ae0_0, v00000173c3915ae0_1, v00000173c3915ae0_2;
v00000173c3915ae0_3 .array/port v00000173c3915ae0, 3;
v00000173c3915ae0_4 .array/port v00000173c3915ae0, 4;
v00000173c3915ae0_5 .array/port v00000173c3915ae0, 5;
v00000173c3915ae0_6 .array/port v00000173c3915ae0, 6;
E_00000173c3912de0/1 .event anyedge, v00000173c3915ae0_3, v00000173c3915ae0_4, v00000173c3915ae0_5, v00000173c3915ae0_6;
v00000173c3915ae0_7 .array/port v00000173c3915ae0, 7;
v00000173c3915ae0_8 .array/port v00000173c3915ae0, 8;
v00000173c3915ae0_9 .array/port v00000173c3915ae0, 9;
v00000173c3915ae0_10 .array/port v00000173c3915ae0, 10;
E_00000173c3912de0/2 .event anyedge, v00000173c3915ae0_7, v00000173c3915ae0_8, v00000173c3915ae0_9, v00000173c3915ae0_10;
v00000173c3915ae0_11 .array/port v00000173c3915ae0, 11;
v00000173c3915ae0_12 .array/port v00000173c3915ae0, 12;
v00000173c3915ae0_13 .array/port v00000173c3915ae0, 13;
v00000173c3915ae0_14 .array/port v00000173c3915ae0, 14;
E_00000173c3912de0/3 .event anyedge, v00000173c3915ae0_11, v00000173c3915ae0_12, v00000173c3915ae0_13, v00000173c3915ae0_14;
v00000173c3915ae0_15 .array/port v00000173c3915ae0, 15;
v00000173c3915ae0_16 .array/port v00000173c3915ae0, 16;
v00000173c3915ae0_17 .array/port v00000173c3915ae0, 17;
v00000173c3915ae0_18 .array/port v00000173c3915ae0, 18;
E_00000173c3912de0/4 .event anyedge, v00000173c3915ae0_15, v00000173c3915ae0_16, v00000173c3915ae0_17, v00000173c3915ae0_18;
v00000173c3915ae0_19 .array/port v00000173c3915ae0, 19;
v00000173c3915ae0_20 .array/port v00000173c3915ae0, 20;
v00000173c3915ae0_21 .array/port v00000173c3915ae0, 21;
v00000173c3915ae0_22 .array/port v00000173c3915ae0, 22;
E_00000173c3912de0/5 .event anyedge, v00000173c3915ae0_19, v00000173c3915ae0_20, v00000173c3915ae0_21, v00000173c3915ae0_22;
v00000173c3915ae0_23 .array/port v00000173c3915ae0, 23;
v00000173c3915ae0_24 .array/port v00000173c3915ae0, 24;
v00000173c3915ae0_25 .array/port v00000173c3915ae0, 25;
v00000173c3915ae0_26 .array/port v00000173c3915ae0, 26;
E_00000173c3912de0/6 .event anyedge, v00000173c3915ae0_23, v00000173c3915ae0_24, v00000173c3915ae0_25, v00000173c3915ae0_26;
v00000173c3915ae0_27 .array/port v00000173c3915ae0, 27;
v00000173c3915ae0_28 .array/port v00000173c3915ae0, 28;
v00000173c3915ae0_29 .array/port v00000173c3915ae0, 29;
v00000173c3915ae0_30 .array/port v00000173c3915ae0, 30;
E_00000173c3912de0/7 .event anyedge, v00000173c3915ae0_27, v00000173c3915ae0_28, v00000173c3915ae0_29, v00000173c3915ae0_30;
v00000173c3915ae0_31 .array/port v00000173c3915ae0, 31;
E_00000173c3912de0/8 .event anyedge, v00000173c3915ae0_31, v00000173c3916080_0, v00000173c39159a0_0, v00000173c3915680_0;
E_00000173c3912de0/9 .event anyedge, v00000173c3915e00_0, v00000173c3915360_0;
E_00000173c3912de0 .event/or E_00000173c3912de0/0, E_00000173c3912de0/1, E_00000173c3912de0/2, E_00000173c3912de0/3, E_00000173c3912de0/4, E_00000173c3912de0/5, E_00000173c3912de0/6, E_00000173c3912de0/7, E_00000173c3912de0/8, E_00000173c3912de0/9;
L_00000173c3967790 .part v00000173c39687d0_0, 2, 5;
    .scope S_00000173c3911ce0;
T_2 ;
    %wait E_00000173c3912de0;
    %pushi/vec4 0, 0, 32;
    %store/vec4 v00000173c39159a0_0, 0, 32;
    %pushi/vec4 0, 0, 12;
    %store/vec4 v00000173c3915680_0, 0, 12;
    %pushi/vec4 0, 0, 32;
    %store/vec4 v00000173c3915e00_0, 0, 32;
    %pushi/vec4 0, 0, 1;
    %store/vec4 v00000173c3915f40_0, 0, 1;
    %pushi/vec4 0, 0, 32;
    %store/vec4 v00000173c3915360_0, 0, 32;
    %pushi/vec4 0, 0, 32;
    %store/vec4 v00000173c3915900_0, 0, 32;
    %load/vec4 v00000173c3915fe0_0;
    %pad/u 7;
    %ix/vec4 4;
    %load/vec4a v00000173c3915ae0, 4;
    %parti/s 1, 79, 8;
    %flag_set/vec4 8;
    %jmp/0xz  T_2.0, 8;
    %load/vec4 v00000173c3916080_0;
    %load/vec4 v00000173c3915fe0_0;
    %pad/u 7;
    %ix/vec4 4;
    %load/vec4a v00000173c3915ae0, 4;
    %parti/s 32, 15, 5;
    %sub;
    %store/vec4 v00000173c39159a0_0, 0, 32;
    %load/vec4 v00000173c39159a0_0;
    %parti/s 12, 0, 2;
    %store/vec4 v00000173c3915680_0, 0, 12;
    %load/vec4 v00000173c3915fe0_0;
    %pad/u 7;
    %ix/vec4 4;
    %load/vec4a v00000173c3915ae0, 4;
    %parti/s 1, 14, 5;
    %replicate 20;
    %load/vec4 v00000173c3915fe0_0;
    %pad/u 7;
    %ix/vec4 4;
    %load/vec4a v00000173c3915ae0, 4;
    %parti/s 12, 3, 3;
    %concat/vec4; draw_concat_vec4
    %store/vec4 v00000173c3915e00_0, 0, 32;
    %load/vec4 v00000173c3915680_0;
    %load/vec4 v00000173c3915fe0_0;
    %pad/u 7;
    %ix/vec4 4;
    %load/vec4a v00000173c3915ae0, 4;
    %parti/s 12, 3, 3;
    %cmp/e;
    %flag_get/vec4 4;
    %store/vec4 v00000173c3915f40_0, 0, 1;
    %load/vec4 v00000173c3916080_0;
    %load/vec4 v00000173c3915e00_0;
    %add;
    %store/vec4 v00000173c3915360_0, 0, 32;
    %load/vec4 v00000173c3915360_0;
    %load/vec4 v00000173c3915e00_0;
    %add;
    %store/vec4 v00000173c3915900_0, 0, 32;
    %jmp T_2.1;
T_2.0 ;
    %pushi/vec4 0, 0, 32;
    %store/vec4 v00000173c39159a0_0, 0, 32;
    %pushi/vec4 0, 0, 12;
    %store/vec4 v00000173c3915680_0, 0, 12;
    %pushi/vec4 0, 0, 1;
    %store/vec4 v00000173c3915f40_0, 0, 1;
    %pushi/vec4 0, 0, 32;
    %store/vec4 v00000173c3915e00_0, 0, 32;
    %pushi/vec4 0, 0, 32;
    %store/vec4 v00000173c3915360_0, 0, 32;
    %pushi/vec4 0, 0, 32;
    %store/vec4 v00000173c3915900_0, 0, 32;
T_2.1 ;
    %jmp T_2;
    .thread T_2, $push;
    .scope S_00000173c3911ce0;
T_3 ;
    %wait E_00000173c39127e0;
    %load/vec4 v00000173c3915720_0;
    %pad/u 32;
    %cmpi/e 2, 0, 32;
    %jmp/0xz  T_3.0, 4;
    %pushi/vec4 1, 0, 1;
    %store/vec4 v00000173c3915b80_0, 0, 1;
    %load/vec4 v00000173c3915540_0;
    %store/vec4 v00000173c3915860_0, 0, 32;
    %jmp T_3.1;
T_3.0 ;
    %load/vec4 v00000173c3915720_0;
    %pad/u 32;
    %cmpi/e 1, 0, 32;
    %jmp/0xz  T_3.2, 4;
    %pushi/vec4 1, 0, 1;
    %store/vec4 v00000173c3915b80_0, 0, 1;
    %load/vec4 v00000173c3915540_0;
    %store/vec4 v00000173c3915860_0, 0, 32;
    %jmp T_3.3;
T_3.2 ;
    %pushi/vec4 0, 0, 1;
    %store/vec4 v00000173c3915b80_0, 0, 1;
    %pushi/vec4 0, 0, 32;
    %store/vec4 v00000173c3915860_0, 0, 32;
T_3.3 ;
T_3.1 ;
    %jmp T_3;
    .thread T_3, $push;
    .scope S_00000173c3911ce0;
T_4 ;
    %wait E_00000173c39136e0;
    %load/vec4 v00000173c3915cc0_0;
    %flag_set/vec4 8;
    %jmp/0xz  T_4.0, 8;
    %pushi/vec4 0, 0, 32;
    %store/vec4 v00000173c39152c0_0, 0, 32;
T_4.2 ;
    %load/vec4 v00000173c39152c0_0;
    %cmpi/s 32, 0, 32;
    %jmp/0xz T_4.3, 5;
    %pushi/vec4 0, 0, 80;
    %ix/getv/s 3, v00000173c39152c0_0;
    %ix/load 4, 0, 0; Constant delay
    %assign/vec4/a/d v00000173c3915ae0, 0, 4;
    %load/vec4 v00000173c39152c0_0;
    %addi 1, 0, 32;
    %store/vec4 v00000173c39152c0_0, 0, 32;
    %jmp T_4.2;
T_4.3 ;
    %pushi/vec4 0, 0, 32;
    %assign/vec4 v00000173c3915540_0, 0;
    %pushi/vec4 0, 0, 32;
    %assign/vec4 v00000173c3915a40_0, 0;
    %pushi/vec4 0, 0, 2;
    %assign/vec4 v00000173c3915720_0, 0;
    %jmp T_4.1;
T_4.0 ;
    %load/vec4 v00000173c39157c0_0;
    %flag_set/vec4 8;
    %jmp/0xz  T_4.4, 8;
    %load/vec4 v00000173c3915720_0;
    %pad/u 32;
    %cmpi/e 2, 0, 32;
    %jmp/0xz  T_4.6, 4;
    %load/vec4 v00000173c3915a40_0;
    %assign/vec4 v00000173c3915540_0, 0;
    %pushi/vec4 0, 0, 32;
    %assign/vec4 v00000173c3915a40_0, 0;
    %pushi/vec4 1, 0, 2;
    %assign/vec4 v00000173c3915720_0, 0;
    %jmp T_4.7;
T_4.6 ;
    %load/vec4 v00000173c3915720_0;
    %pad/u 32;
    %cmpi/e 1, 0, 32;
    %jmp/0xz  T_4.8, 4;
    %pushi/vec4 0, 0, 32;
    %assign/vec4 v00000173c3915540_0, 0;
    %pushi/vec4 0, 0, 32;
    %assign/vec4 v00000173c3915a40_0, 0;
    %pushi/vec4 0, 0, 2;
    %assign/vec4 v00000173c3915720_0, 0;
T_4.8 ;
T_4.7 ;
    %vpi_call/w 4 535 "$display", "Queue" {0 0 0};
    %vpi_call/w 4 537 "$display", "Addr1=%0d", v00000173c3915540_0 {0 0 0};
    %vpi_call/w 4 539 "$display", "Addr2=%0d", v00000173c3915a40_0 {0 0 0};
    %vpi_call/w 4 541 "$display", "Count=%0d", v00000173c3915720_0 {0 0 0};
T_4.4 ;
    %load/vec4 v00000173c3915d60_0;
    %flag_set/vec4 9;
    %flag_get/vec4 9;
    %jmp/0 T_4.12, 9;
    %load/vec4 v00000173c39154a0_0;
    %and;
T_4.12;
    %flag_set/vec4 8;
    %jmp/0xz  T_4.10, 8;
    %load/vec4 v00000173c3915fe0_0;
    %pad/u 7;
    %ix/vec4 4;
    %load/vec4a v00000173c3915ae0, 4;
    %parti/s 1, 79, 8;
    %cmpi/e 0, 0, 1;
    %jmp/0xz  T_4.13, 4;
    %load/vec4 v00000173c3915ea0_0;
    %load/vec4 v00000173c3915fe0_0;
    %pad/u 7;
    %ix/vec4 3;
    %ix/load 4, 47, 0; part off
    %ix/load 5, 0, 0; Constant delay
    %assign/vec4/a/d v00000173c3915ae0, 4, 5;
    %load/vec4 v00000173c3916080_0;
    %load/vec4 v00000173c3915fe0_0;
    %pad/u 7;
    %ix/vec4 3;
    %ix/load 4, 15, 0; part off
    %ix/load 5, 0, 0; Constant delay
    %assign/vec4/a/d v00000173c3915ae0, 4, 5;
    %pushi/vec4 0, 0, 12;
    %load/vec4 v00000173c3915fe0_0;
    %pad/u 7;
    %ix/vec4 3;
    %ix/load 4, 3, 0; part off
    %ix/load 5, 0, 0; Constant delay
    %assign/vec4/a/d v00000173c3915ae0, 4, 5;
    %pushi/vec4 0, 0, 2;
    %load/vec4 v00000173c3915fe0_0;
    %pad/u 7;
    %ix/vec4 3;
    %ix/load 4, 1, 0; part off
    %ix/load 5, 0, 0; Constant delay
    %assign/vec4/a/d v00000173c3915ae0, 4, 5;
    %pushi/vec4 1, 0, 1;
    %load/vec4 v00000173c3915fe0_0;
    %pad/u 7;
    %ix/vec4 3;
    %ix/load 4, 79, 0; part off
    %ix/load 5, 0, 0; Constant delay
    %assign/vec4/a/d v00000173c3915ae0, 4, 5;
    %jmp T_4.14;
T_4.13 ;
    %load/vec4 v00000173c3915fe0_0;
    %pad/u 7;
    %ix/vec4 4;
    %load/vec4a v00000173c3915ae0, 4;
    %parti/s 32, 47, 7;
    %load/vec4 v00000173c3915ea0_0;
    %cmp/ne;
    %jmp/0xz  T_4.15, 4;
    %load/vec4 v00000173c3915fe0_0;
    %pad/u 7;
    %ix/vec4 4;
    %load/vec4a v00000173c3915ae0, 4;
    %parti/s 2, 1, 2;
    %cmpi/e 0, 0, 2;
    %jmp/0xz  T_4.17, 4;
    %load/vec4 v00000173c3915ea0_0;
    %load/vec4 v00000173c3915fe0_0;
    %pad/u 7;
    %ix/vec4 3;
    %ix/load 4, 47, 0; part off
    %ix/load 5, 0, 0; Constant delay
    %assign/vec4/a/d v00000173c3915ae0, 4, 5;
    %load/vec4 v00000173c3916080_0;
    %load/vec4 v00000173c3915fe0_0;
    %pad/u 7;
    %ix/vec4 3;
    %ix/load 4, 15, 0; part off
    %ix/load 5, 0, 0; Constant delay
    %assign/vec4/a/d v00000173c3915ae0, 4, 5;
    %pushi/vec4 0, 0, 12;
    %load/vec4 v00000173c3915fe0_0;
    %pad/u 7;
    %ix/vec4 3;
    %ix/load 4, 3, 0; part off
    %ix/load 5, 0, 0; Constant delay
    %assign/vec4/a/d v00000173c3915ae0, 4, 5;
    %pushi/vec4 0, 0, 2;
    %load/vec4 v00000173c3915fe0_0;
    %pad/u 7;
    %ix/vec4 3;
    %ix/load 4, 1, 0; part off
    %ix/load 5, 0, 0; Constant delay
    %assign/vec4/a/d v00000173c3915ae0, 4, 5;
    %jmp T_4.18;
T_4.17 ;
    %load/vec4 v00000173c3915fe0_0;
    %pad/u 7;
    %ix/vec4 4;
    %load/vec4a v00000173c3915ae0, 4;
    %parti/s 2, 1, 2;
    %subi 1, 0, 2;
    %load/vec4 v00000173c3915fe0_0;
    %pad/u 7;
    %ix/vec4 3;
    %ix/load 4, 1, 0; part off
    %ix/load 5, 0, 0; Constant delay
    %assign/vec4/a/d v00000173c3915ae0, 4, 5;
T_4.18 ;
    %load/vec4 v00000173c3916080_0;
    %load/vec4 v00000173c3915fe0_0;
    %pad/u 7;
    %ix/vec4 3;
    %ix/load 4, 15, 0; part off
    %ix/load 5, 0, 0; Constant delay
    %assign/vec4/a/d v00000173c3915ae0, 4, 5;
    %jmp T_4.16;
T_4.15 ;
    %vpi_call/w 4 572 "$display", "\012=== SEQUENTIAL DECISION ===" {0 0 0};
    %vpi_call/w 4 573 "$display", "Time         = %0t", $time {0 0 0};
    %vpi_call/w 4 574 "$display", "Addr Diff    = %0d", v00000173c39159a0_0 {0 0 0};
    %load/vec4 v00000173c3915fe0_0;
    %pad/u 7;
    %ix/vec4 4;
    %load/vec4a v00000173c3915ae0, 4;
    %parti/s 12, 3, 3;
    %vpi_call/w 4 575 "$display", "StoredStride = %0d", S<0,vec4,s12> {1 0 0};
    %vpi_call/w 4 577 "$display", "StrideMatch  = %0b", v00000173c3915f40_0 {0 0 0};
    %load/vec4 v00000173c3915f40_0;
    %flag_set/vec4 8;
    %jmp/0xz  T_4.19, 8;
    %load/vec4 v00000173c3915fe0_0;
    %pad/u 7;
    %ix/vec4 4;
    %load/vec4a v00000173c3915ae0, 4;
    %parti/s 2, 1, 2;
    %store/vec4 v00000173c3915400_0, 0, 2;
    %load/vec4 v00000173c3915400_0;
    %cmpi/ne 3, 0, 2;
    %jmp/0xz  T_4.21, 4;
    %load/vec4 v00000173c3915400_0;
    %addi 1, 0, 2;
    %store/vec4 v00000173c3915400_0, 0, 2;
T_4.21 ;
    %load/vec4 v00000173c3915400_0;
    %load/vec4 v00000173c3915fe0_0;
    %pad/u 7;
    %ix/vec4 3;
    %ix/load 4, 1, 0; part off
    %ix/load 5, 0, 0; Constant delay
    %assign/vec4/a/d v00000173c3915ae0, 4, 5;
    %load/vec4 v00000173c3915400_0;
    %cmpi/u 2, 0, 2;
    %flag_inv 5; GE is !LT
    %jmp/0xz  T_4.23, 5;
    %load/vec4 v00000173c3915720_0;
    %pad/u 32;
    %cmpi/e 0, 0, 32;
    %jmp/0xz  T_4.25, 4;
    %load/vec4 v00000173c3915360_0;
    %assign/vec4 v00000173c3915540_0, 0;
    %load/vec4 v00000173c3915900_0;
    %assign/vec4 v00000173c3915a40_0, 0;
    %pushi/vec4 2, 0, 2;
    %assign/vec4 v00000173c3915720_0, 0;
    %jmp T_4.26;
T_4.25 ;
    %load/vec4 v00000173c3915720_0;
    %pad/u 32;
    %cmpi/e 1, 0, 32;
    %jmp/0xz  T_4.27, 4;
    %load/vec4 v00000173c3915360_0;
    %load/vec4 v00000173c3915540_0;
    %cmp/ne;
    %jmp/0xz  T_4.29, 4;
    %load/vec4 v00000173c3915360_0;
    %assign/vec4 v00000173c3915a40_0, 0;
    %pushi/vec4 2, 0, 2;
    %assign/vec4 v00000173c3915720_0, 0;
T_4.29 ;
T_4.27 ;
T_4.26 ;
T_4.23 ;
    %jmp T_4.20;
T_4.19 ;
    %load/vec4 v00000173c3915fe0_0;
    %pad/u 7;
    %ix/vec4 4;
    %load/vec4a v00000173c3915ae0, 4;
    %parti/s 2, 1, 2;
    %cmpi/e 0, 0, 2;
    %jmp/0xz  T_4.31, 4;
    %load/vec4 v00000173c3915680_0;
    %load/vec4 v00000173c3915fe0_0;
    %pad/u 7;
    %ix/vec4 3;
    %ix/load 4, 3, 0; part off
    %ix/load 5, 0, 0; Constant delay
    %assign/vec4/a/d v00000173c3915ae0, 4, 5;
    %jmp T_4.32;
T_4.31 ;
    %load/vec4 v00000173c3915fe0_0;
    %pad/u 7;
    %ix/vec4 4;
    %load/vec4a v00000173c3915ae0, 4;
    %parti/s 2, 1, 2;
    %subi 1, 0, 2;
    %load/vec4 v00000173c3915fe0_0;
    %pad/u 7;
    %ix/vec4 3;
    %ix/load 4, 1, 0; part off
    %ix/load 5, 0, 0; Constant delay
    %assign/vec4/a/d v00000173c3915ae0, 4, 5;
T_4.32 ;
T_4.20 ;
T_4.16 ;
T_4.14 ;
    %load/vec4 v00000173c3916080_0;
    %load/vec4 v00000173c3915fe0_0;
    %pad/u 7;
    %ix/vec4 3;
    %ix/load 4, 15, 0; part off
    %ix/load 5, 0, 0; Constant delay
    %assign/vec4/a/d v00000173c3915ae0, 4, 5;
T_4.10 ;
T_4.1 ;
    %jmp T_4;
    .thread T_4;
    .scope S_00000173c38d4cf0;
T_5 ;
    %pushi/vec4 0, 0, 1;
    %store/vec4 v00000173c3967bf0_0, 0, 1;
    %end;
    .thread T_5;
    .scope S_00000173c38d4cf0;
T_6 ;
    %delay 5000, 0;
    %load/vec4 v00000173c3967bf0_0;
    %inv;
    %store/vec4 v00000173c3967bf0_0, 0, 1;
    %jmp T_6;
    .thread T_6;
    .scope S_00000173c38d4cf0;
T_7 ;
    %pushi/vec4 1, 0, 1;
    %store/vec4 v00000173c39678d0_0, 0, 1;
    %pushi/vec4 0, 0, 32;
    %store/vec4 v00000173c39687d0_0, 0, 32;
    %pushi/vec4 0, 0, 32;
    %store/vec4 v00000173c3969270_0, 0, 32;
    %pushi/vec4 0, 0, 1;
    %store/vec4 v00000173c3968d70_0, 0, 1;
    %pushi/vec4 0, 0, 1;
    %store/vec4 v00000173c3968690_0, 0, 1;
    %pushi/vec4 0, 0, 1;
    %store/vec4 v00000173c39680f0_0, 0, 1;
    %pushi/vec4 3, 0, 32;
T_7.0 %dup/vec4;
    %pushi/vec4 0, 0, 32;
    %cmp/s;
    %jmp/1xz T_7.1, 5;
    %jmp/1 T_7.1, 4;
    %pushi/vec4 1, 0, 32;
    %sub;
    %wait E_00000173c3912e60;
    %jmp T_7.0;
T_7.1 ;
    %pop/vec4 1;
    %pushi/vec4 0, 0, 1;
    %store/vec4 v00000173c39678d0_0, 0, 1;
    %vpi_call/w 3 298 "$display", "\012==========================================" {0 0 0};
    %vpi_call/w 3 299 "$display", "Stride Prefetcher Queue Shift Test" {0 0 0};
    %vpi_call/w 3 300 "$display", "==========================================" {0 0 0};
    %pushi/vec4 8, 0, 32;
    %store/vec4 v00000173c39155e0_0, 0, 32;
    %pushi/vec4 100, 0, 32;
    %store/vec4 v00000173c3916120_0, 0, 32;
    %fork TD_prefetch_table_tb.access, S_00000173c38e2130;
    %join;
    %pushi/vec4 8, 0, 32;
    %store/vec4 v00000173c39155e0_0, 0, 32;
    %pushi/vec4 104, 0, 32;
    %store/vec4 v00000173c3916120_0, 0, 32;
    %fork TD_prefetch_table_tb.access, S_00000173c38e2130;
    %join;
    %pushi/vec4 8, 0, 32;
    %store/vec4 v00000173c39155e0_0, 0, 32;
    %pushi/vec4 108, 0, 32;
    %store/vec4 v00000173c3916120_0, 0, 32;
    %fork TD_prefetch_table_tb.access, S_00000173c38e2130;
    %join;
    %pushi/vec4 8, 0, 32;
    %store/vec4 v00000173c39155e0_0, 0, 32;
    %pushi/vec4 112, 0, 32;
    %store/vec4 v00000173c3916120_0, 0, 32;
    %fork TD_prefetch_table_tb.access, S_00000173c38e2130;
    %join;
    %fork TD_prefetch_table_tb.accept_prefetch, S_00000173c38e1fa0;
    %join;
    %pushi/vec4 8, 0, 32;
    %store/vec4 v00000173c39155e0_0, 0, 32;
    %pushi/vec4 116, 0, 32;
    %store/vec4 v00000173c3916120_0, 0, 32;
    %fork TD_prefetch_table_tb.access, S_00000173c38e2130;
    %join;
    %fork TD_prefetch_table_tb.accept_prefetch, S_00000173c38e1fa0;
    %join;
    %pushi/vec4 8, 0, 32;
    %store/vec4 v00000173c39155e0_0, 0, 32;
    %pushi/vec4 120, 0, 32;
    %store/vec4 v00000173c3916120_0, 0, 32;
    %fork TD_prefetch_table_tb.access, S_00000173c38e2130;
    %join;
    %pushi/vec4 5, 0, 32;
T_7.2 %dup/vec4;
    %pushi/vec4 0, 0, 32;
    %cmp/s;
    %jmp/1xz T_7.3, 5;
    %jmp/1 T_7.3, 4;
    %pushi/vec4 1, 0, 32;
    %sub;
    %wait E_00000173c3912e60;
    %jmp T_7.2;
T_7.3 ;
    %pop/vec4 1;
    %vpi_call/w 3 321 "$finish" {0 0 0};
    %end;
    .thread T_7;
    .scope S_00000173c38d4cf0;
T_8 ;
    %wait E_00000173c3912e60;
    %delay 1000, 0;
    %load/vec4 v00000173c3968690_0;
    %flag_set/vec4 8;
    %jmp/0xz  T_8.0, 8;
    %vpi_call/w 3 332 "$display", "\012[ACCESS] --------------------------------" {0 0 0};
    %vpi_call/w 3 333 "$display", "TIME              : %0t", $time {0 0 0};
    %vpi_call/w 3 334 "$display", "PC                : %h", v00000173c39687d0_0 {0 0 0};
    %vpi_call/w 3 335 "$display", "Memory Address    : %0d", v00000173c3969270_0 {0 0 0};
    %vpi_call/w 3 336 "$display", "Index             : %0d", v00000173c3915fe0_0 {0 0 0};
    %load/vec4 v00000173c3915fe0_0;
    %pad/u 7;
    %ix/vec4 4;
    %load/vec4a v00000173c3915ae0, 4;
    %parti/s 1, 79, 8;
    %vpi_call/w 3 337 "$display", "Valid             : %0b", S<0,vec4,u1> {1 0 0};
    %load/vec4 v00000173c3915fe0_0;
    %pad/u 7;
    %ix/vec4 4;
    %load/vec4a v00000173c3915ae0, 4;
    %parti/s 32, 47, 7;
    %vpi_call/w 3 338 "$display", "Stored PC         : %h", S<0,vec4,u32> {1 0 0};
    %load/vec4 v00000173c3915fe0_0;
    %pad/u 7;
    %ix/vec4 4;
    %load/vec4a v00000173c3915ae0, 4;
    %parti/s 32, 15, 5;
    %vpi_call/w 3 339 "$display", "Stored Address    : %0d", S<0,vec4,u32> {1 0 0};
    %vpi_call/w 3 340 "$display", "Addr Diff         : %0d", v00000173c39159a0_0 {0 0 0};
    %vpi_call/w 3 341 "$display", "New Stride        : %0d", v00000173c3915680_0 {0 0 0};
    %load/vec4 v00000173c3915fe0_0;
    %pad/u 7;
    %ix/vec4 4;
    %load/vec4a v00000173c3915ae0, 4;
    %parti/s 12, 3, 3;
    %vpi_call/w 3 342 "$display", "Stored Stride     : %0d", S<0,vec4,s12> {1 0 0};
    %vpi_call/w 3 343 "$display", "Stride Match      : %0b", v00000173c3915f40_0 {0 0 0};
    %load/vec4 v00000173c3915fe0_0;
    %pad/u 7;
    %ix/vec4 4;
    %load/vec4a v00000173c3915ae0, 4;
    %parti/s 2, 1, 2;
    %vpi_call/w 3 344 "$display", "Confidence        : %0d", S<0,vec4,u2> {1 0 0};
    %vpi_call/w 3 345 "$display", "Next Prediction   : %0d", v00000173c3915360_0 {0 0 0};
    %vpi_call/w 3 346 "$display", "Pending Count     : %0d", v00000173c3915720_0 {0 0 0};
    %vpi_call/w 3 347 "$display", "Pending Addr1     : %0d", v00000173c3915540_0 {0 0 0};
    %vpi_call/w 3 348 "$display", "Pending Addr2     : %0d", v00000173c3915a40_0 {0 0 0};
    %vpi_call/w 3 349 "$display", "Prefetch Valid    : %0b", v00000173c3968190_0 {0 0 0};
    %vpi_call/w 3 350 "$display", "Prefetch Address  : %0d", v00000173c3967f10_0 {0 0 0};
T_8.0 ;
    %jmp T_8;
    .thread T_8;
    .scope S_00000173c38d4cf0;
T_9 ;
    %wait E_00000173c3912e60;
    %delay 1000, 0;
    %load/vec4 v00000173c39680f0_0;
    %flag_set/vec4 8;
    %jmp/0xz  T_9.0, 8;
    %vpi_call/w 3 358 "$display", "\012[ACCEPT] --------------------------------" {0 0 0};
    %vpi_call/w 3 359 "$display", "TIME              : %0t", $time {0 0 0};
    %vpi_call/w 3 360 "$display", "Action            : Cache Accepted Prefetch" {0 0 0};
    %vpi_call/w 3 361 "$display", "Pending Count     : %0d", v00000173c3915720_0 {0 0 0};
    %vpi_call/w 3 362 "$display", "Pending Addr1     : %0d", v00000173c3915540_0 {0 0 0};
    %vpi_call/w 3 363 "$display", "Pending Addr2     : %0d", v00000173c3915a40_0 {0 0 0};
    %vpi_call/w 3 364 "$display", "Outputting        : %0d", v00000173c3967f10_0 {0 0 0};
T_9.0 ;
    %jmp T_9;
    .thread T_9;
    .scope S_00000173c38d4cf0;
T_10 ;
    %vpi_call/w 3 373 "$dumpfile", "prefetch_table.vcd" {0 0 0};
    %vpi_call/w 3 374 "$dumpvars", 32'sb00000000000000000000000000000000, S_00000173c38d4cf0 {0 0 0};
    %end;
    .thread T_10;
# The file index is used to find the file name in the following table.
:file_names 5;
    "N/A";
    "<interactive>";
    "-";
    "testbench\prefetch_table_tb.v";
    "Prefetcher\prefetch_table.v";
